<html>
<body>
<pre>
<h1>µVision Build Log</h1>
<h2>Tool Versions:</h2>
IDE-Version: µVision V5.22.0.0
Copyright (C) 2016 ARM Ltd and ARM Germany GmbH. All rights reserved.
License Information: PARAS MAHARJAN, TEMCO CONTROLS, LIC=32BTG-VPAKL-QC9J5-G7RAL-8QH6C-260J5
 
Tool Versions:
Toolchain:       MDK-ARM Plus  Version: 5.22
Toolchain Path:  C:\Keil_v5\ARM\ARMCC\Bin
C Compiler:      Armcc.exe V5.06 update 4 (build 422)
Assembler:       Armasm.exe V5.06 update 4 (build 422)
Linker/Locator:  ArmLink.exe V5.06 update 4 (build 422)
Library Manager: ArmAr.exe V5.06 update 4 (build 422)
Hex Converter:   FromElf.exe V5.06 update 4 (build 422)
CPU DLL:         SARMCM3.DLL V5.22
Dialog DLL:      DCM.DLL V1.13.9.0
Target DLL:      STLink\ST-LINKIII-KEIL_SWO.dll V2.0.18.0
Dialog DLL:      TCM.DLL V1.21.0.0
 
<h2>Project:</h2>
E:\Project\Resources\STM32\stm32-master\stm32-master\STM32F4-Discovery_FW_V1.1.0\Project\Peripheral_Examples\ESP8266\uv5\esp8266.uvprojx
Project File Date:  01/07/2017

<h2>Output:</h2>
*** Using Compiler 'V5.06 update 4 (build 422)', folder: 'C:\Keil_v5\ARM\ARMCC\Bin'
Build target 'STM32f407'
compiling main.c...
..\src\stm32f4xx_conf.h(12): warning:  #1-D: last line of file ends without a newline
  #endif
..\src\stm32f4xx_discovery.h(15): warning:  #1-D: last line of file ends without a newline
  #endif
..\src\main.c(152): warning:  #177-D: variable "cnt"  was declared but never referenced
  		static uint8_t cnt = 0; // this counter is used to determine the string length
..\src\main.c(222): warning:  #1-D: last line of file ends without a newline
  }
..\src\main.c: 4 warnings, 0 errors
linking...
Program Size: Code=2872 RO-data=540 RW-data=32 ZI-data=3696  
".\Objects\esp8266.axf" - 0 Error(s), 4 Warning(s).

<h2>Software Packages used:</h2>

Package Vendor: Keil
                http://www.keil.com/pack/Keil.STM32F4xx_DFP.2.11.0.pack
                Keil::Device:Startup:2.6.0
                STMicroelectronics STM32F4 Series Device Support, Drivers and Examples
   * Component: Startup Version: 2.6.0

<h2>Collection of Component include folders:</h2>
  E:\Project\Resources\STM32\stm32-master\stm32-master\STM32F4-Discovery_FW_V1.1.0\Project\Peripheral_Examples\ESP8266\uv5\RTE\_STM32f407
  C:\Keil_v5\ARM\PACK\Keil\STM32F4xx_DFP\2.11.0\Drivers\CMSIS\Device\ST\STM32F4xx\Include

<h2>Collection of Component Files used:</h2>

   * Component: Keil::Device:Startup:2.6.0
      Source file:   MDK\Device\Source\ARM\STM32F4xx_OTP.s
      Include file:  Drivers\CMSIS\Device\ST\STM32F4xx\Include\stm32f4xx.h
      Source file:   Drivers\CMSIS\Device\ST\STM32F4xx\Source\Templates\arm\startup_stm32f407xx.s
      Source file:   MDK\Device\Source\ARM\STM32F40xxx_41xxx_OPT.s
      Source file:   Drivers\CMSIS\Device\ST\STM32F4xx\Source\Templates\system_stm32f4xx.c
Build Time Elapsed:  00:00:01
</pre>
</body>
</html>
